Godot Engine v4.6.3.stable.official.7d41c59c4 - https://godotengine.org

---  GUT  ---
[1m[INFO]:  [0musing [/home/lokee/.local/share/godot/app_userdata/Space Rocks V2 Client] for temporary output.
Godot version:  4.6.3
GUT version:  9.6.0
SCRIPT ERROR: Parse Error: The function signature doesn't match the parent. Parent signature is "handle_local_player_eliminated(int) -> void".
          at: GDScript::reload (res://tests/unit/gameplay/events/test_gameplay_death_flow.gd:25)
          GDScript backtrace (most recent call first):
              [0] load_script_using_custom_warnings (res://addons/gut/warnings_manager.gd:173)
              [1] _parse_script (res://addons/gut/test_collector.gd:76)
              [2] add_script (res://addons/gut/test_collector.gd:127)
              [3] add_script (res://addons/gut/gut.gd:1053)
              [4] add_directory (res://addons/gut/gut.gd:1076)
              [5] _apply_options (res://addons/gut/gut_config.gd:136)
              [6] apply_options (res://addons/gut/gut_config.gd:207)
              [7] run_tests (res://addons/gut/gui/GutRunner.gd:192)
              [8] _run_tests (res://addons/gut/cli/gut_cli.gd:238)
              [9] main (res://addons/gut/cli/gut_cli.gd:284)
              [10] _init (res://addons/gut/gut_cmdln.gd:38)
ERROR: Failed to load script "res://tests/unit/gameplay/events/test_gameplay_death_flow.gd" with error "Parse error".
   at: load (modules/gdscript/gdscript.cpp:2907)
   GDScript backtrace (most recent call first):
       [0] load_script_using_custom_warnings (res://addons/gut/warnings_manager.gd:173)
       [1] _parse_script (res://addons/gut/test_collector.gd:76)
       [2] add_script (res://addons/gut/test_collector.gd:127)
       [3] add_script (res://addons/gut/gut.gd:1053)
       [4] add_directory (res://addons/gut/gut.gd:1076)
       [5] _apply_options (res://addons/gut/gut_config.gd:136)
       [6] apply_options (res://addons/gut/gut_config.gd:207)
       [7] run_tests (res://addons/gut/gui/GutRunner.gd:192)
       [8] _run_tests (res://addons/gut/cli/gut_cli.gd:238)
       [9] main (res://addons/gut/cli/gut_cli.gd:284)
       [10] _init (res://addons/gut/gut_cmdln.gd:38)
[33m[WARNING]:  [0mIgnoring script res://tests/unit/gameplay/events/test_gameplay_death_flow.gd because it does not extend GutTest
