Godot Engine v4.6.3.stable.official.7d41c59c4 - https://godotengine.org

[   0% ] first_scan_filesystem | Started Project initialization (5 steps)
[   0% ] first_scan_filesystem | Scanning file structure...
[  16% ] first_scan_filesystem | Loading global class names...
[  33% ] first_scan_filesystem | Verifying GDExtensions...
[  50% ] first_scan_filesystem | Creating autoload scripts...
[  66% ] first_scan_filesystem | Initializing plugins...
[EngineForge] Godot 4.6 — EditorInterface via singleton
[EngineForge Bridge] Registered 39 tools
[EngineForge Bridge] Server started on port 27050
[  83% ] first_scan_filesystem | Starting file scan...
[ DONE ] first_scan_filesystem

[   0% ] update_scripts_classes | Started Registering global classes... (9 steps)
[   0% ] update_scripts_classes | SpectateMenuState
[  10% ] update_scripts_classes | ProfileReadout
[  20% ] update_scripts_classes | SessionLaneState
[  30% ] update_scripts_classes | WorldLaneState
[  40% ] update_scripts_classes | ClientSessionContext
[  50% ] update_scripts_classes | ConfirmDelete
[  60% ] update_scripts_classes | EnterPilotId
[  70% ] update_scripts_classes | SelectPilotReadout
[  80% ] update_scripts_classes | PregameMenu
[ DONE ] update_scripts_classes

[   0% ] loading_editor_layout | Started Loading editor (5 steps)
[   0% ] loading_editor_layout | Loading editor layout...
[  16% ] loading_editor_layout | Loading docks...
[  33% ] loading_editor_layout | Reopening scenes...
ERROR: Attempt to open script 'res://tmp_gut_result_reader.gd' resulted in error 'File not found'.
   at: load_source_code (modules/gdscript/gdscript.cpp:1127)
ERROR: Failed loading resource: res://tmp_gut_result_reader.gd.
   at: _load (core/io/resource_loader.cpp:343)
[  50% ] loading_editor_layout | Loading central editor layout...
[  66% ] loading_editor_layout | Loading plugin window layout...
[  83% ] loading_editor_layout | Editor layout ready.
[ DONE ] loading_editor_layout

[EngineForge Bridge] Server shut down
