Godot Engine v4.6.3.stable.official.7d41c59c4 - https://godotengine.org

[   0% ] [90m[1mfirst_scan_filesystem[22m | Started Project initialization (5 steps)[39m[0m
[   0% ] [90m[1mfirst_scan_filesystem[22m | Scanning file structure...[39m[0m
[  16% ] [90m[1mfirst_scan_filesystem[22m | Loading global class names...[39m[0m
[  33% ] [90m[1mfirst_scan_filesystem[22m | Verifying GDExtensions...[39m[0m
[  50% ] [90m[1mfirst_scan_filesystem[22m | Creating autoload scripts...[39m[0m
[  66% ] [90m[1mfirst_scan_filesystem[22m | Initializing plugins...[39m[0m
[EngineForge] Godot 4.6 — EditorInterface via singleton
[EngineForge Bridge] Registered 39 tools
[EngineForge Bridge] Server started on port 27050
[  83% ] [90m[1mfirst_scan_filesystem[22m | Starting file scan...[39m[0m
[92m[ DONE ][39m [1mfirst_scan_filesystem[22m
[0m
[   0% ] [90m[1mupdate_scripts_classes[22m | Started Registering global classes... (9 steps)[39m[0m
[   0% ] [90m[1mupdate_scripts_classes[22m | SpectateMenuState[39m[0m
[  10% ] [90m[1mupdate_scripts_classes[22m | ProfileReadout[39m[0m
[  20% ] [90m[1mupdate_scripts_classes[22m | SessionLaneState[39m[0m
[  30% ] [90m[1mupdate_scripts_classes[22m | WorldLaneState[39m[0m
[  40% ] [90m[1mupdate_scripts_classes[22m | ClientSessionContext[39m[0m
[  50% ] [90m[1mupdate_scripts_classes[22m | ConfirmDelete[39m[0m
[  60% ] [90m[1mupdate_scripts_classes[22m | EnterPilotId[39m[0m
[  70% ] [90m[1mupdate_scripts_classes[22m | SelectPilotReadout[39m[0m
[  80% ] [90m[1mupdate_scripts_classes[22m | PregameMenu[39m[0m
[92m[ DONE ][39m [1mupdate_scripts_classes[22m
[0m
[   0% ] [90m[1mloading_editor_layout[22m | Started Loading editor (5 steps)[39m[0m
[   0% ] [90m[1mloading_editor_layout[22m | Loading editor layout...[39m[0m
[  16% ] [90m[1mloading_editor_layout[22m | Loading docks...[39m[0m
[  33% ] [90m[1mloading_editor_layout[22m | Reopening scenes...[39m[0m
ERROR: Attempt to open script 'res://tmp_gut_result_reader.gd' resulted in error 'File not found'.
   at: load_source_code (modules/gdscript/gdscript.cpp:1127)
ERROR: Failed loading resource: res://tmp_gut_result_reader.gd.
   at: _load (core/io/resource_loader.cpp:343)
[  50% ] [90m[1mloading_editor_layout[22m | Loading central editor layout...[39m[0m
[  66% ] [90m[1mloading_editor_layout[22m | Loading plugin window layout...[39m[0m
[  83% ] [90m[1mloading_editor_layout[22m | Editor layout ready.[39m[0m
[92m[ DONE ][39m [1mloading_editor_layout[22m
[0m
[EngineForge Bridge] Server shut down
